**第三课作业第一题**

**题目：使用GCLogAnalysis.java自己演练一遍串行/并行/CMS/G1的案例**

**TIPS：为了降低误差，将执行的持续秒数改为3秒**

**一、比较不同堆大小情况下系统的吞吐量**

使用ParallelGC垃圾收集器，除了设置堆大小之外， 其他参数均使用默认情况

PS C:\Users\xiaowenhou\Desktop\homework> java **-Xmx10g -Xms10g** -XX:+UseParallelGC GCLogAnalysis
正在执行...
执行结束!共生成对象次数:**51146**
PS C:\Users\xiaowenhou\Desktop\homework> java **-Xmx8g -Xms8g** -XX:+UseParallelGC GCLogAnalysis
正在执行...
执行结束!共生成对象次数:**55354**
PS C:\Users\xiaowenhou\Desktop\homework> java **-Xmx6g -Xms6g** -XX:+UseParallelGC GCLogAnalysis
正在执行...
执行结束!共生成对象次数:**54994**
PS C:\Users\xiaowenhou\Desktop\homework> java **-Xmx4g -Xms4g** -XX:+UseParallelGC GCLogAnalysis
正在执行...
执行结束!共生成对象次数:**52501**
PS C:\Users\xiaowenhou\Desktop\homework> java **-Xmx2g -Xms2g** -XX:+UseParallelGC GCLogAnalysis
正在执行...
执行结束!共生成对象次数:**49011**
PS C:\Users\xiaowenhou\Desktop\homework> java **-Xmx1g -Xms1g** -XX:+UseParallelGC GCLogAnalysis
正在执行...
执行结束!共生成对象次数:**44140**
PS C:\Users\xiaowenhou\Desktop\homework> java **-Xmx512m -Xms512m** -XX:+UseParallelGC GCLogAnalysis
正在执行...
执行结束!共生成对象次数:**16810**
PS C:\Users\xiaowenhou\Desktop\homework> java **-Xmx256m -Xms256m** -XX:+UseParallelGC GCLogAnalysis
正在执行...
**Exception in thread "main" java.lang.OutOfMemoryError: Java heap space**
        at GCLogAnalysis.generateGarbage(GCLogAnalysis.java:48)
        at GCLogAnalysis.main(GCLogAnalysis.java:25)
PS C:\Users\xiaowenhou\Desktop\homework>

**结论：不同的堆的大小对系统的吞吐量有很大的影响， 太大了不好， 太小了也不好，在本机器上，使用ParallelGC的默认参数，最大吞吐量是堆大小在6-8G之间。**



**二、比较不同垃圾收集器之间的系统吞吐量区别**

**堆内存限制在512M大小**

PS C:\Users\xiaowenhou\Desktop\homework> java **-Xmx512m -Xms512m** **-XX:+UseSerialGC** GCLogAnalysis
正在执行...
执行结束!共生成对象次数:**25425**
PS C:\Users\xiaowenhou\Desktop\homework> java **-Xmx512m -Xms512m -XX:+UseParallelGC** GCLogAnalysis
正在执行...
执行结束!共生成对象次数:**16526**
PS C:\Users\xiaowenhou\Desktop\homework> java **-Xmx512m -Xms512m -XX:+UseConcMarkSweepGC** GCLogAnalysis
正在执行...
执行结束!共生成对象次数:**24114**
PS C:\Users\xiaowenhou\Desktop\homework> java **-Xmx512m -Xms512m -XX:+UseG1GC** GCLogAnalysis
正在执行...
执行结束!共生成对象次数:**22121**

**堆内存限制在1G大小**

PS C:\Users\xiaowenhou\Desktop\homework> java **-Xmx1g -Xms1g -XX:+UseSerialGC** GCLogAnalysis
正在执行...
执行结束!共生成对象次数:**43174**
PS C:\Users\xiaowenhou\Desktop\homework> java **-Xmx1g -Xms1g -XX:+UseParallelGC** GCLogAnalysis
正在执行...
执行结束!共生成对象次数:**44187**
PS C:\Users\xiaowenhou\Desktop\homework> java **-Xmx1g -Xms1g -XX:+UseConcMarkSweepGC** GCLogAnalysis
正在执行...
执行结束!共生成对象次数:**45096**
PS C:\Users\xiaowenhou\Desktop\homework> java **-Xmx1g -Xms1g -XX:+UseG1GC** GCLogAnalysis
正在执行...
执行结束!共生成对象次数:**47905**

**堆内存限制在2G大小**

PS C:\Users\xiaowenhou\Desktop\homework> java **-Xmx2g -Xms2g -XX:+UseSerialGC** GCLogAnalysis
正在执行...
执行结束!共生成对象次数:**46278**
PS C:\Users\xiaowenhou\Desktop\homework> java **-Xmx2g -Xms2g -XX:+UseParallelGC** GCLogAnalysis
正在执行...
执行结束!共生成对象次数:**49414**
PS C:\Users\xiaowenhou\Desktop\homework> java **-Xmx2g -Xms2g -XX:+UseConcMarkSweepGC** GCLogAnalysis
正在执行...
执行结束!共生成对象次数:**47189**
PS C:\Users\xiaowenhou\Desktop\homework> java **-Xmx2g -Xms2g -XX:+UseG1GC** GCLogAnalysis
正在执行...
执行结束!共生成对象次数:**57548**

**堆内存限制在4G大小**

PS C:\Users\xiaowenhou\Desktop\homework> java **-Xmx4g -Xms4g -XX:+UseSerialGC** GCLogAnalysis
正在执行...
执行结束!共生成对象次数:**47084**
PS C:\Users\xiaowenhou\Desktop\homework> java **-Xmx4g -Xms4g -XX:+UseParallelGC** GCLogAnalysis
正在执行...
执行结束!共生成对象次数:**51803**
PS C:\Users\xiaowenhou\Desktop\homework> java **-Xmx4g -Xms4g -XX:+UseConcMarkSweepGC** GCLogAnalysis
正在执行...
执行结束!共生成对象次数:**45781**
PS C:\Users\xiaowenhou\Desktop\homework> java **-Xmx4g -Xms4g -XX:+UseG1GC** GCLogAnalysis
正在执行...
执行结束!共生成对象次数:**58314**

**堆内存限制在6g大小**

PS C:\Users\xiaowenhou\Desktop\homework> java **-Xmx6g -Xms6g** **-XX:+UseSerialGC** GCLogAnalysis
正在执行...
执行结束!共生成对象次数:**50248**

PS C:\Users\xiaowenhou\Desktop\homework> java **-Xmx6g -Xms6g** **-XX:+UseParallelGC** GCLogAnalysis
正在执行...
执行结束!共生成对象次数:**55468**

PS C:\Users\xiaowenhou\Desktop\homework> java **-Xmx6g -Xms6g** **-XX:+UseConcMarkSweepGC** GCLogAnalysis
正在执行...
执行结束!共生成对象次数:**44728**

PS C:\Users\xiaowenhou\Desktop\homework> java **-Xmx6g -Xms6g** **-XX:+UseG1GC** GCLogAnalysis
正在执行...
执行结束!共生成对象次数:**54526**

**堆内存限制在8g大小**

PS C:\Users\xiaowenhou\Desktop\homework> java **-Xmx8g -Xms8g -XX:+UseSerialGC** GCLogAnalysis
正在执行...
执行结束!共生成对象次数:**49955**
PS C:\Users\xiaowenhou\Desktop\homework> java **-Xmx8g -Xms8g -XX:+UseParallelGC** GCLogAnalysis
正在执行...
执行结束!共生成对象次数:**55070**
PS C:\Users\xiaowenhou\Desktop\homework> java **-Xmx8g -Xms8g -XX:+UseConcMarkSweepGC** GCLogAnalysis
正在执行...
执行结束!共生成对象次数:**43458**
PS C:\Users\xiaowenhou\Desktop\homework> java **-Xmx8g -Xms8g -XX:+UseG1GC** GCLogAnalysis
正在执行...
执行结束!共生成对象次数:**48771**
PS C:\Users\xiaowenhou\Desktop\homework> java **-Xmx8g -Xms8g -XX:+UseG1GC** GCLogAnalysis
正在执行...
执行结束!共生成对象次数:**54733**

**结论：相同情况下， 不同垃圾收集器的系统吞吐量也有区别，而不同的垃圾收集器在不同的堆大小下也有不同的表现，没有哪一个垃圾收集器能够做到全场景通吃。**单论吞吐量指标，在只有几百兆内存的情况下， 串行GC和CMSGC的表现更好；在1G到4G之间，G1的表现更好；在6G-8G以上，并行GC的吞吐量最好。但即使是这样， 该结论也仅限于当前机器且运行该程序时的情况， 此外，其他可调整的变量还有GC的线程数，新生代的大小以及各个GC垃圾收集器的特殊参数等，具体到实际工作中， 要根据业务要求以及硬件资源等情况先根据经验设定一个初始值， 然后再通过反复压测和调整JVM参数来达到目标。



**三、解读不同垃圾收集器的日志**

​	**串行GC，仅截取部分：**

PS C:\Users\xiaowenhou\Desktop\homework> **java -Xmx256m -Xms256m -XX:+UseSerialGC -XX:+PrintGCDetails -XX:+PrintGCDateStamps GCLogAnalysis**
正在执行...
2021-01-17T17:30:29.989+0800: [GC (Allocation Failure) 2021-01-17T17:30:29.989+0800: [DefNew: 69952K->8704K(78656K), 0.0102274 secs] 69952K->24837K(253440K), 0.0107969 secs] [Times: user=0.02 sys=0.00, real=0.01 secs]
2021-01-17T17:30:30.013+0800: [GC (Allocation Failure) 2021-01-17T17:30:30.013+0800: [DefNew: 78656K->8691K(78656K), 0.0114488 secs] 94789K->48016K(253440K), 0.0119082 secs] [Times: user=0.00 sys=0.02, real=0.01 secs]
2021-01-17T17:30:30.038+0800: [GC (Allocation Failure) 2021-01-17T17:30:30.039+0800: [DefNew: 78440K->8703K(78656K), 0.0085478 secs] 117765K->66589K(253440K), 0.0089446 secs] [Times: user=0.00 sys=0.00, real=0.01 secs]
2021-01-17T17:30:30.059+0800: [GC (Allocation Failure) 2021-01-17T17:30:30.059+0800: [DefNew: 78655K->8703K(78656K), 0.0093390 secs] 136541K->88193K(253440K), 0.0097534 secs] [Times: user=0.02 sys=0.00, real=0.01 secs]
2021-01-17T17:30:30.080+0800: [GC (Allocation Failure) 2021-01-17T17:30:30.080+0800: [DefNew: 78498K->8701K(78656K), 0.0108184 secs] 157988K->116301K(253440K), 0.0111990 secs] [Times: user=0.02 sys=0.00, real=0.01 secs]
2021-01-17T17:30:30.102+0800: [GC (Allocation Failure) 2021-01-17T17:30:30.104+0800: [DefNew: 78653K->8698K(78656K), 0.0111797 secs] 186253K->144543K(253440K), 0.0117542 secs] [Times: user=0.00 sys=0.00, real=0.01 secs]
**2021-01-17T17:30:30.126+0800: [GC (Allocation Failure) 2021-01-17T17:30:30.126+0800: [DefNew: 78499K->8703K(78656K), 0.0093042 secs] 214344K->165393K(253440K), 0.0096952 secs] [Times: user=0.00 sys=0.02, real=0.01 secs]**  

//年轻代的 GC，GC原因是内存分配失败，新生代经过GC之后从78M变为8M左右，减少70M， 整个堆经过GC之后从214M变为165M大小减少50M，用时96ms，新生代减少的内存大于整个堆减少的内存， 说明有一部分对象进入老年代当中。

**2021-01-17T17:30:30.150+0800: [GC (Allocation Failure) 2021-01-17T17:30:30.151+0800: [DefNew: 78655K->78655K(78656K), 0.0004163 secs]2021-01-17T17:30:30.151+0800: [Tenured: 156689K->165392K(174784K), 0.0232317 secs] 235345K->165392K(253440K), [Metaspace: 2667K->2667K(1056768K)], 0.0243372 secs] [Times: user=0.02 sys=0.00, real=0.02 secs]**
**2021-01-17T17:30:30.191+0800: [GC (Allocation Failure) 2021-01-17T17:30:30.192+0800: [DefNew: 69858K->69858K(78656K), 0.0006077 secs]2021-01-17T17:30:30.192+0800: [Tenured: 165392K->174433K(174784K), 0.0282801 secs] 235250K->183833K(253440K), [Metaspace: 2667K->2667K(1056768K)], 0.0296895 secs] [Times: user=0.03 sys=0.00, real=0.03 secs]**

//年轻代和老年代一起发生GC，但是年轻代的回收没有效果，回收前后都是78M，老年代经过回收内存不减反增，从156M变为165M，但是整体堆的大小通过回收变小，说明堆已经快要不够用了， 虽然GC回收了一些空间， 但是由于更多的对象都是存活的，这些存活的对象占据几乎所有的空间，新创建的对象只能直接分配在老年代上，并且会直接引发下一轮GC。通过时间也可以看出来，在17：30：30.150时刻发生了一次GC， GC持续时间24ms， 然后再17：30：30.191时刻又发生了一次GC，中间用于应用执行的时间只有16ms左右，还比不上GC占用的时间。

2021-01-17T17:30:30.233+0800: [Full GC (Allocation Failure) 2021-01-17T17:30:30.234+0800: [Tenured: 174433K->174770K(174784K), 0.0262566 secs] 252661K->193871K(253440K), [Metaspace: 2667K->2667K(1056768K)], 0.0270567 secs] [Times: user=0.03 sys=0.00, real=0.03 secs]
**2021-01-17T17:30:30.271+0800: [Full GC (Allocation Failure) 2021-01-17T17:30:30.272+0800: [Tenured: 174770K->174472K(174784K), 0.0298775 secs] 253410K->195277K(253440K), [Metaspace: 2667K->2667K(1056768K)], 0.0305056 secs] [Times: user=0.01 sys=0.00, real=0.03 secs]**

//内存彻底不够用， 引发FULLGC，只回收了老年代， 没有回收年轻代，因为对象直接分配在了老年代上， 而且新生代已经被占满了，整个堆内存的占用越来越高，最终引发OOM。



​	**并行GC，仅截取部分**

PS C:\Users\xiaowenhou\Desktop\homework> **java -Xmx6g -Xms6g -XX:+UseParallelGC -XX:+PrintGCDetails -XX:+PrintGCDateStamps GCLogAnalysis**
正在执行...
**2021-01-17T17:53:02.419+0800: [GC (Allocation Failure) [PSYoungGen: 1572864K->262136K(1835008K)] 1572864K->285367K(6029312K), 0.0440447 secs] [Times: user=0.09 sys=0.52, real=0.04 secs]**

//年轻代的GC，GC原因是内存分配失败，回收后新生代从1572M变为262M，减少1310M；堆内存从1572M变为285M，减少1287M， 说明有二十多M的对象直接提升到了老年代， 可能是因为其是大对象，因此直接提升老年代。本次GC用时44ms

2021-01-17T17:53:02.725+0800: [GC (Allocation Failure) [PSYoungGen: 1835000K->262137K(1835008K)] 1858231K->390606K(6029312K), 0.0547293 secs] [Times: user=0.14 sys=0.45, real=0.05 secs]
2021-01-17T17:53:03.034+0800: [GC (Allocation Failure) [PSYoungGen: 1834572K->262136K(1835008K)] 1963042K->485213K(6029312K), 0.0459887 secs] [Times: user=0.41 sys=0.20, real=0.05 secs]
2021-01-17T17:53:03.334+0800: [GC (Allocation Failure) [PSYoungGen: 1835000K->262143K(1835008K)] 2058077K->576393K(6029312K), 0.0455126 secs] [Times: user=0.22 sys=0.19, real=0.05 secs]
2021-01-17T17:53:03.633+0800: [GC (Allocation Failure) [PSYoungGen: 1835007K->262140K(1835008K)] 2149257K->660800K(6029312K), 0.0434986 secs] [Times: user=0.41 sys=0.00, real=0.04 secs]
2021-01-17T17:53:03.927+0800: [GC (Allocation Failure) [PSYoungGen: 1835004K->262133K(1590272K)] 2233664K->729711K(5784576K), 0.0413829 secs] [Times: user=0.25 sys=0.16, real=0.04 secs]
2021-01-17T17:53:04.180+0800: [GC (Allocation Failure) [PSYoungGen: 1590261K->353189K(1681408K)] 2057839K->821990K(5875712K), 0.0412358 secs] [Times: user=0.39 sys=0.00, real=0.04 secs]
2021-01-17T17:53:04.435+0800: [GC (Allocation Failure) [PSYoungGen: 1681317K->367397K(1700864K)] 2150118K->837233K(5895168K), 0.0432485 secs] [Times: user=0.61 sys=0.00, real=0.04 secs]
2021-01-17T17:53:04.684+0800: [GC (Allocation Failure) [PSYoungGen: 1683237K->365504K(1681408K)] 2153073K->839709K(5875712K), 0.0435730 secs] [Times: user=0.59 sys=0.00, real=0.04 secs]

//整个运行期间没有发生FULLGC， 一共发生了9次GC，平均每次GC在45ms左右，因此整个应用执行了3秒，用于GC的时间是400ms。

执行结束!共生成对象次数:54173



**换个堆大小参数， 再试一次，看一下GC日志的变化情况， 仅截取了部分**

PS C:\Users\xiaowenhou\Desktop\homework> **java -Xmx1g -Xms1g -XX:+UseParallelGC -XX:+PrintGCDetails -XX:+PrintGCDateStamps GCLogAnalysis**
正在执行...
**2021-01-17T17:58:35.343+0800: [GC (Allocation Failure) [PSYoungGen: 194560K->62126K(271872K)] 573706K->441272K(971264K), 0.0075717 secs] [Times: user=0.20 sys=0.00, real=0.01 secs]**

//年轻代的GC， 年轻代GC前后大小从194M变为了62M， 整个堆大小从573M变为441M，同样有对象提升到老年代，用于GC的时间是7.5ms，可以看到， 整个堆变小了， 发生在年轻代上的GC就耗时少了很多。

2021-01-17T17:58:35.382+0800: [GC (Allocation Failure) [PSYoungGen: 256686K->59742K(273920K)] 635832K->489446K(973312K), 0.0145840 secs] [Times: user=0.00 sys=0.00, real=0.01 secs]
2021-01-17T17:58:35.429+0800: [GC (Allocation Failure) [PSYoungGen: 256862K->72040K(269312K)] 686566K->553133K(968704K), 0.0153616 secs] [Times: user=0.20 sys=0.00, real=0.02 secs]
2021-01-17T17:58:35.478+0800: [GC (Allocation Failure) [PSYoungGen: 269160K->63787K(271360K)] 750253K->611639K(970752K), 0.0154949 secs] [Times: user=0.20 sys=0.00, real=0.02 secs]
2021-01-17T17:58:35.524+0800: [GC (Allocation Failure) [PSYoungGen: 256811K->59723K(270848K)] 804663K->658499K(970240K), 0.0138535 secs] [Times: user=0.20 sys=0.00, real=0.01 secs]
2021-01-17T17:58:35.570+0800: [GC (Allocation Failure) [PSYoungGen: 252747K->65525K(271872K)] 851523K->716994K(971264K), 0.0141462 secs] [Times: user=0.02 sys=0.00, real=0.01 secs]
**2021-01-17T17:58:35.584+0800: [Full GC (Ergonomics) [PSYoungGen: 65525K->0K(271872K)] [ParOldGen: 651469K->376298K(699392K)] 716994K->376298K(971264K), [Metaspace: 2667K->2667K(1056768K)], 0.0516226 secs] [Times: user=0.61 sys=0.00, real=0.05 secs]**

//FULLGC， GC原因是自适应调整，但其实是因为老年代的内存快满了，可以看到，调整之后， 年轻代中的对象全部被清空，老年代从651M下降到376M，GC耗时51ms

2021-01-17T17:58:35.666+0800: [GC (Allocation Failure) [PSYoungGen: 195468K->61917K(272384K)] 571766K->438215K(971776K), 0.0082114 secs] [Times: user=0.00 sys=0.00, real=0.01 secs]
2021-01-17T17:58:35.706+0800: [GC (Allocation Failure) [PSYoungGen: 257501K->60420K(274944K)] 633799K->489931K(974336K), 0.0132422 secs] [Times: user=0.20 sys=0.00, real=0.01 secs]
2021-01-17T17:58:35.753+0800: [GC (Allocation Failure) [PSYoungGen: 260100K->67304K(273920K)] 689611K->547756K(973312K), 0.0134648 secs] [Times: user=0.20 sys=0.00, real=0.01 secs]
2021-01-17T17:58:35.798+0800: [GC (Allocation Failure) [PSYoungGen: 266984K->60787K(274944K)] 747436K->598005K(974336K), 0.0146608 secs] [Times: user=0.20 sys=0.00, real=0.01 secs]
2021-01-17T17:58:35.845+0800: [GC (Allocation Failure) [PSYoungGen: 260467K->66700K(273920K)] 797685K->654053K(973312K), 0.0148663 secs] [Times: user=0.20 sys=0.00, real=0.01 secs]
2021-01-17T17:58:35.892+0800: [GC (Allocation Failure) [PSYoungGen: 266380K->69703K(271360K)] 853733K->711896K(970752K), 0.0156077 secs] [Times: user=0.20 sys=0.00, real=0.02 secs]
2021-01-17T17:58:35.909+0800: [Full GC (Ergonomics) [PSYoungGen: 69703K->0K(271360K)] [ParOldGen: 642192K->376914K(699392K)] 711896K->376914K(970752K), [Metaspace: 2667K->2667K(1056768K)], 0.0521144 secs] [Times: user=0.81 sys=0.00, real=0.05 secs]

//又发生了一次FULLGC

2021-01-17T17:58:35.993+0800: [GC (Allocation Failure) [PSYoungGen: 196608K->63806K(272896K)] 573522K->440721K(972288K), 0.0081643 secs] [Times: user=0.00 sys=0.00, real=0.01 secs]
执行结束!共生成对象次数:40312

**结论：当降低堆大小的时候， 每一次新生代的GC耗时会大大下降，但同时发生GC的频率也大大增加，并且除了发生YGC， 也会隔一段时间（上面是间隔了400ms）就发生一次FULLGC， 在运行的3秒时间内， 整个堆中的FULLGC发生了八九次，加上期间发生的多次的YGC，整个系统用于应用的时间要少于6G堆大小时的应用时间， 因此最后系统的性能就不如6G堆大小的性能。**

​	**此外，如果在实际生产中遇到这种频繁发生GC，频繁分配对象，以及频繁提升至老年代的情况要警惕，导致的原因要么是应用代码写的有问题，发生了内存泄漏； 要么是堆内存大小分配的比较少，导致堆内存不够用， 频繁进行回收。**



​	**CMSGC，仅截取部分**

PS C:\Users\xiaowenhou\Desktop\homework> **java -Xmx1g -Xms1g -XX:+UseConcMarkSweepGC -XX:+PrintGCDetails -XX:+PrintGCDateStamps GCLogAnalysis**
正在执行...
2021-01-17T18:14:06.699+0800: [GC (Allocation Failure) 2021-01-17T18:14:06.700+0800: [ParNew: 279616K->34944K(314560K), 0.0141915 secs] 279616K->81131K(1013632K), 0.0147836 secs] [Times: user=0.02 sys=0.19, real=0.02 secs]
2021-01-17T18:14:06.765+0800: [GC (Allocation Failure) 2021-01-17T18:14:06.766+0800: [ParNew: 314560K->34944K(314560K), 0.0201006 secs] 360747K->159366K(1013632K), 0.0205553 secs] [Times: user=0.03 sys=0.17, real=0.02 secs]
2021-01-17T18:14:06.833+0800: [GC (Allocation Failure) 2021-01-17T18:14:06.834+0800: [ParNew: 314560K->34942K(314560K), 0.0405778 secs] 438982K->246626K(1013632K), 0.0410732 secs] [Times: user=0.41 sys=0.00, real=0.04 secs]
2021-01-17T18:14:06.923+0800: [GC (Allocation Failure) 2021-01-17T18:14:06.923+0800: [ParNew: 314558K->34944K(314560K), 0.0364564 secs] 526242K->321492K(1013632K), 0.0369518 secs] [Times: user=0.55 sys=0.06, real=0.04 secs]
**2021-01-17T18:14:07.005+0800: [GC (Allocation Failure) 2021-01-17T18:14:07.006+0800: [ParNew: 314425K->34943K(314560K), 0.0391815 secs] 600973K->404293K(1013632K), 0.0395325 secs] [Times: user=0.36 sys=0.05, real=0.04 secs]**

//年轻代的GC， 年轻代经过GC， 堆大小从314M变为34M， 整个堆大小从600M变为404M，同样有一部分对象直接进入了老年代，年轻代的最大大小为314M， 整个堆最大大小为1G， 本次GC耗时39ms

**2021-01-17T18:14:07.045+0800: [GC (CMS Initial Mark) [1 CMS-initial-mark: 369350K(699072K)] 404477K(1013632K), 0.0004398 secs] [Times: user=0.00 sys=0.00, real=0.00 secs]**

//初始标记，此时老年代使用369M， 整个老年代大小为689M左右，整个堆使用404M， 堆大小1G，初始标记耗时仅有0.44ms

2021-01-17T18:14:07.046+0800: [CMS-concurrent-mark-start] //并发标记开始
2021-01-17T18:14:07.048+0800: [CMS-concurrent-mark: 0.002/0.002 secs] [Times: user=0.00 sys=0.00, real=0.00 secs]

// 并发标记耗时2ms

2021-01-17T18:14:07.048+0800: [CMS-concurrent-preclean-start]
2021-01-17T18:14:07.049+0800: [CMS-concurrent-preclean: 0.001/0.001 secs] [Times: user=0.00 sys=0.00, real=0.00 secs]

//预清理，耗时1ms

2021-01-17T18:14:07.049+0800: [CMS-concurrent-abortable-preclean-start]
2021-01-17T18:14:07.092+0800: [GC (Allocation Failure) 2021-01-17T18:14:07.092+0800: [ParNew: 314559K->34942K(314560K), 0.0358826 secs] 683909K->478363K(1013632K), 0.0363563 secs] [Times: user=0.41 sys=0.00, real=0.04 secs]
2021-01-17T18:14:07.173+0800: [GC (Allocation Failure) 2021-01-17T18:14:07.174+0800: [ParNew: 314558K->34942K(314560K), 0.0375181 secs] 757979K->556718K(1013632K), 0.0380465 secs] [Times: user=0.52 sys=0.09, real=0.04 secs]
2021-01-17T18:14:07.258+0800: [GC (Allocation Failure) 2021-01-17T18:14:07.258+0800: [ParNew: 314558K->34942K(314560K), 0.0378365 secs] 836334K->634397K(1013632K), 0.0382938 secs] [Times: user=0.41 sys=0.00, real=0.04 secs]
2021-01-17T18:14:07.343+0800: [GC (Allocation Failure) 2021-01-17T18:14:07.343+0800: [ParNew: 314558K->34942K(314560K), 0.0351302 secs] 914013K->704848K(1013632K), 0.0356871 secs] [Times: user=0.39 sys=0.01, real=0.04 secs]

//并发GC的同时，由于应用继续在产生垃圾， 因此中间又产生了几次年轻代的GC

2021-01-17T18:14:07.379+0800: [CMS-concurrent-abortable-preclean: 0.006/0.330 secs] [Times: user=1.91 sys=0.11, real=0.33 secs]
2021-01-17T18:14:07.379+0800: [GC (CMS Final Remark) [YG occupancy: 40951 K (314560 K)]2021-01-17T18:14:07.380+0800: [Rescan (parallel) , 0.0005696 secs]2021-01-17T18:14:07.381+0800: [weak refs processing, 0.0001776 secs]2021-01-17T18:14:07.381+0800: [class unloading, 0.0003820 secs]2021-01-17T18:14:07.381+0800: [scrub symbol table, 0.0005551 secs]2021-01-17T18:14:07.382+0800: [scrub string table, 0.0002120 secs][1 CMS-remark: 669905K(699072K)] 710856K(1013632K), 0.0024624 secs] [Times: user=0.00 sys=0.00, real=0.00 secs]

//最终标记， 包括并行重新扫描， 弱引用清理，类卸载， 刷新引用表，刷新字符串常量池等一系列的操作， 一共用时2ms

2021-01-17T18:14:07.382+0800: [CMS-concurrent-sweep-start]
2021-01-17T18:14:07.383+0800: [CMS-concurrent-sweep: 0.001/0.001 secs] [Times: user=0.00 sys=0.00, real=0.00 secs]

//并发清除，耗时1ms

2021-01-17T18:14:07.383+0800: [CMS-concurrent-reset-start]
2021-01-17T18:14:07.385+0800: [CMS-concurrent-reset: 0.001/0.001 secs] [Times: user=0.00 sys=0.00, real=0.00 secs]

//并发重置，耗时1ms

2021-01-17T18:14:07.428+0800: [GC (Allocation Failure) 2021-01-17T18:14:07.428+0800: [ParNew: 314558K->34943K(314560K), 0.0208031 secs] 853263K->654720K(1013632K), 0.0213292 secs] [Times: user=0.20 sys=0.00, real=0.02 secs]

**结论: 可以看到， CMS在并发模式下， 每次的并发GC都耗时非常短，因为大部分的操作都可以和应用系统同时运行。整个堆最大的停顿时间是进行YGC时候的时间。**

​	**G1GC，仅截取部分**

2021-01-17T18:29:19.196+0800: [GC pause (G1 Evacuation Pause) (young), 0.0048481 secs]

//导致GC停顿的原因， G1转移停顿， 年轻代模式（有时候也会出现mixed模式， 即混合模式）， 耗时4.8ms，G1在应用刚启动的时候需要花一定的时间去收集信息

   [Parallel Time: 3.2 ms, GC Workers: 13] //并行时间， 3.2ms， 工作线程13个
      [GC Worker Start (ms): Min: 109.8, Avg: 109.9, Max: 110.0, Diff: 0.2]  //工作线程启动
      [Ext Root Scanning (ms): Min: 0.0, Avg: 0.1, Max: 0.3, Diff: 0.3, Sum: 1.6]  //根节点扫描
      [Update RS (ms): Min: 0.0, Avg: 0.0, Max: 0.0, Diff: 0.0, Sum: 0.0]			//更新结果集
         [Processed Buffers: Min: 0, Avg: 0.0, Max: 0, Diff: 0, Sum: 0]				
      [Scan RS (ms): Min: 0.0, Avg: 0.0, Max: 0.0, Diff: 0.0, Sum: 0.1]
      [Code Root Scanning (ms): Min: 0.0, Avg: 0.0, Max: 0.0, Diff: 0.0, Sum: 0.1]
      [Object Copy (ms): Min: 2.4, Avg: 2.5, Max: 2.6, Diff: 0.2, Sum: 32.8]		//对象拷贝花费的时间最长
      [Termination (ms): Min: 0.0, Avg: 0.1, Max: 0.2, Diff: 0.2, Sum: 1.4]
         [Termination Attempts: Min: 1, Avg: 1.0, Max: 1, Diff: 0, Sum: 13]
      [GC Worker Other (ms): Min: 0.0, Avg: 0.1, Max: 0.1, Diff: 0.1, Sum: 1.0]
      [GC Worker Total (ms): Min: 2.7, Avg: 2.8, Max: 2.9, Diff: 0.2, Sum: 37.0]
      [GC Worker End (ms): Min: 112.7, Avg: 112.7, Max: 112.8, Diff: 0.1]
   [Code Root Fixup: 0.0 ms]
   [Code Root Purge: 0.0 ms]
   [Clear CT: 0.2 ms]
   [Other: 1.4 ms]
      [Choose CSet: 0.0 ms]
      [Ref Proc: 0.3 ms]
      [Ref Enq: 0.0 ms]
      [Redirty Cards: 0.2 ms]
      [Humongous Register: 0.0 ms]
      [Humongous Reclaim: 0.0 ms]
      [Free CSet: 0.0 ms]

//中间是G1回收时的详细流程， 从这里可以看到， G1回收的过程比CMS还要复杂

   [Eden: 51.0M(51.0M)->0.0B(44.0M) Survivors: 0.0B->7168.0K Heap: 60.9M(1024.0M)->17.5M(1024.0M)]
 [Times: user=0.00 sys=0.00, real=0.01 secs]
	//最后是当前堆的状况， Eden区全部回收完毕， 回收完毕后总大小调整为44M； survivors区变为7M，新生代回收了44M， 堆大小从60.9M变为17.5M，整个堆回收了43.4M

2021-01-17T18:29:19.550+0800: [GC pause (G1 Humongous Allocation) (young) (initial-mark), 0.0041500 secs]

//这次GC的原因是大对象分配， G1中大对象也有专门的位置存放，因为当对象超过一个Region的大小时， 要为该对象分配一片连续的存储空间存放， 即H区， 当H区满了， 并且此时又有大对象进来的时候， 就要进行GC， 清理空间。初始标记，整个耗时4ms

   [Parallel Time: 3.3 ms, GC Workers: 13]   //并行时间3.3ms， 工作线程13个
      [GC Worker Start (ms): Min: 462.1, Avg: 462.2, Max: 462.3, Diff: 0.1]
      [Ext Root Scanning (ms): Min: 0.0, Avg: 0.1, Max: 0.2, Diff: 0.2, Sum: 1.5]
      [Update RS (ms): Min: 0.0, Avg: 0.1, Max: 0.2, Diff: 0.1, Sum: 1.3]
         [Processed Buffers: Min: 1, Avg: 1.5, Max: 3, Diff: 2, Sum: 20]
      [Scan RS (ms): Min: 0.0, Avg: 0.0, Max: 0.0, Diff: 0.0, Sum: 0.0]
      [Code Root Scanning (ms): Min: 0.0, Avg: 0.0, Max: 0.0, Diff: 0.0, Sum: 0.0]
      [Object Copy (ms): Min: 2.5, Avg: 2.6, Max: 2.8, Diff: 0.2, Sum: 34.3]
      [Termination (ms): Min: 0.0, Avg: 0.1, Max: 0.2, Diff: 0.2, Sum: 1.1]
         [Termination Attempts: Min: 1, Avg: 1.0, Max: 1, Diff: 0, Sum: 13]
      [GC Worker Other (ms): Min: 0.0, Avg: 0.1, Max: 0.1, Diff: 0.1, Sum: 0.7]
      [GC Worker Total (ms): Min: 2.9, Avg: 3.0, Max: 3.1, Diff: 0.2, Sum: 39.0]
      [GC Worker End (ms): Min: 465.2, Avg: 465.2, Max: 465.3, Diff: 0.1]
   [Code Root Fixup: 0.0 ms]
   [Code Root Purge: 0.0 ms]
   [Clear CT: 0.1 ms]
   [Other: 0.7 ms]
      [Choose CSet: 0.0 ms]
      [Ref Proc: 0.2 ms]
      [Ref Enq: 0.0 ms]
      [Redirty Cards: 0.1 ms]
      [Humongous Register: 0.1 ms]   //这次大对象的注册花费了0.1ms
      [Humongous Reclaim: 0.0 ms]
      [Free CSet: 0.1 ms]
   [Eden: 5120.0K(210.0M)->0.0B(217.0M) Survivors: 24.0M->2048.0K Heap: 639.3M(1024.0M)->635.8M(1024.0M)]
 [Times: user=0.16 sys=0.05, real=0.01 secs]

//初始标记并且随着年轻代的清理完成

2021-01-17T18:29:19.555+0800: [GC concurrent-root-region-scan-start]
2021-01-17T18:29:19.555+0800: [GC concurrent-root-region-scan-end, 0.0002538 secs]

//根区域扫描， 耗时不到1ms

2021-01-17T18:29:19.555+0800: [GC concurrent-mark-start]
2021-01-17T18:29:19.558+0800: [GC concurrent-mark-end, 0.0020410 secs]

//并发标记， 耗时不到1ms

2021-01-17T18:29:19.558+0800: [GC remark 2021-01-17T18:29:19.558+0800: [Finalize Marking, 0.0002612 secs] 2021-01-17T18:29:19.558+0800: [GC ref-proc, 0.0001555 secs] 2021-01-17T18:29:19.559+0800: [Unloading, 0.0005820 secs], 0.0017502 secs]

//重新标记， 包括Finalize标记， 引用处理，卸载类等

 [Times: user=0.00 sys=0.00, real=0.00 secs]
2021-01-17T18:29:19.560+0800: [GC cleanup 651M->645M(1024M), 0.0011288 secs]
 [Times: user=0.00 sys=0.00, real=0.00 secs]

//清除，回收了6M内存

2021-01-17T18:29:19.561+0800: [GC concurrent-cleanup-start]
2021-01-17T18:29:19.561+0800: [GC concurrent-cleanup-end, 0.0001413 secs]

//并发清除

结论： G1的日志比其他的日志都要复杂， 可以看出来G1的实现比其他的几个垃圾收集器都要复杂，而且G1回收垃圾每次的停顿时间也很短，因为每次GC仅回收部分区域， 并不是堆整个堆进行回收。





**四、比较是否指定初始堆大小情况下系统吞吐量的区别**

PS C:\Users\xiaowenhou\Desktop\homework> java **-Xmx6g -XX:+UseParallelGC** GCLogAnalysis
正在执行...
执行结束!共生成对象次数:**52852**
PS C:\Users\xiaowenhou\Desktop\homework> java **-Xmx6g -Xms6g -XX:+UseParallelGC** GCLogAnalysis
正在执行...
执行结束!共生成对象次数:**55716**

PS C:\Users\xiaowenhou\Desktop\homework> java **-Xmx4g -XX:+UseParallelGC** GCLogAnalysis
正在执行...
执行结束!共生成对象次数:**50009**
PS C:\Users\xiaowenhou\Desktop\homework> java **-Xmx4g -Xms4g -XX:+UseParallelGC** GCLogAnalysis
正在执行...
执行结束!共生成对象次数:**52816**

PS C:\Users\xiaowenhou\Desktop\homework> java **-Xmx1g -XX:+UseParallelGC** GCLogAnalysis
正在执行...
执行结束!共生成对象次数:**42087**
PS C:\Users\xiaowenhou\Desktop\homework> java **-Xmx1g -Xms1g -XX:+UseParallelGC** GCLogAnalysis
正在执行...
执行结束!共生成对象次数:**43792**

**结论：不论堆大小设置为多少， 不限定初始堆大小都比限定初始堆大小的系统吞吐量更低，因为一般默认初始堆大小都比较小，JVM必然会在运行过程中不断的自适应增加堆大小，这也会耗费不少性能。**

以下为是否限定初始堆大小的GC日志比较，第一段为不限定堆大小，第二段为限定堆大小。

**PS C:\Users\xiaowenhou\Desktop\homework> java -Xmx4g -XX:+UseParallelGC -XX:+PrintGCDetails -XX:+PrintGCDateStamps GCLogAnalysis**
正在执行...
2021-01-17T14:34:12.437+0800: [GC (Allocation Failure) [PSYoungGen: 63291K->10231K(73728K)] 63291K->18535K(**241664K**), 0.0046626 secs] [Times: user=0.00 sys=0.00, real=0.00 secs]
2021-01-17T14:34:12.456+0800: [GC (Allocation Failure) [PSYoungGen: 73353K->10225K(137216K)] 81657K->41675K(**305152K**), 0.0069316 secs] [Times: user=0.06 sys=0.14, real=0.01 secs]
2021-01-17T14:34:12.496+0800: [GC (Allocation Failure) [PSYoungGen: 137091K->10239K(137216K)] 168540K->84644K(**305152K**), 0.0099722 secs] [Times: user=0.00 sys=0.00, real=0.01 secs]
2021-01-17T14:34:12.527+0800: [GC (Allocation Failure) [PSYoungGen: 137215K->10235K(264192K)] 211620K->132553K(**432128K**), 0.0102853 secs] [Times: user=0.09 sys=0.11, real=0.01 secs]
**2021-01-17T14:34:12.538+0800: [Full GC (Ergonomics) [PSYoungGen: 10235K->0K(264192K)] [ParOldGen: 122318K->119812K(264192K)] 132553K->119812K(528384K), [Metaspace: 2667K->2667K(1056768K)], 0.0179063 secs] [Times: user=0.19 sys=0.00, real=0.02 secs]**

**//表示引发FullGC的原因是动态调整堆的大小**

2021-01-17T14:34:12.620+0800: [GC (Allocation Failure) [PSYoungGen: 253952K->10237K(264192K)] 373764K->205784K(528384K), 0.0151123 secs] [Times: user=0.05 sys=0.16, real=0.02 secs]
**2021-01-17T14:34:12.636+0800: [Full GC (Ergonomics) [PSYoungGen: 10237K->0K(264192K)] [ParOldGen: 195546K->184892K(390144K)] 205784K->184892K(654336K), [Metas2021-01-17T14:34:12.706+0800: [GC (Allocation Failure) [PSYoungGen: 253952K->88199K(481280K)] 438844K->273092K(871424K), 0.0145479 secs] [Times: user=0.03 sys=0.17, real=0.01 secs]**
2021-01-17T14:34:12.807+0800: [GC (Allocation Failure) [PSYoungGen: 480903K->111615K(508416K)] 665796K->358975K(898560K), 0.0273289 secs] [Times: user=0.00 sys=0.22, real=0.03 secs]
2021-01-17T14:34:12.901+0800: [GC (Allocation Failure) [PSYoungGen: 508415K->162814K(735744K)] 755775K->434260K(1125888K), 0.0294027 secs] [Times: user=0.03 sys=0.38, real=0.03 secs]
2021-01-17T14:34:13.030+0800: [GC (Allocation Failure) [PSYoungGen: 735742K->202232K(775168K)] 1007188K->527170K(1165312K), 0.0388351 secs] [Times: user=0.25 sys=0.36, real=0.04 secs]
**2021-01-17T14:34:13.069+0800: [Full GC (Ergonomics) [PSYoungGen: 202232K->0K(775168K)] [ParOldGen: 324938K->336520K(567808K)] 527170K->336520K(1342976K), [Metaspace: 2667K->2667K(1056768K)], 0.0488062 secs] [Times: user=0.55 sys=0.05, real=0.05 secs]**
2021-01-17T14:34:13.212+0800: [GC (Allocation Failure) [PSYoungGen: 572928K->157752K(1033728K)] 909448K->494272K(1601536K), 0.0254505 secs] [Times: user=0.03 sys=0.17, real=0.03 secs]
2021-01-17T14:34:13.367+0800: [GC (Allocation Failure) [PSYoungGen: 933432K->187378K(1037824K)] 1269952K->599201K(1605632K), 0.0324837 secs] [Times: user=0.25 sys=0.16, real=0.03 secs]
2021-01-17T14:34:13.527+0800: [GC (Allocation Failure) [PSYoungGen: 963058K->196304K(1095680K)] 1374881K->704521K(1663488K), 0.0399574 secs] [Times: user=0.14 sys=0.27, real=0.04 secs]
**2021-01-17T14:34:13.567+0800: [Full GC (Ergonomics) [PSYoungGen: 196304K->0K(1095680K)] [ParOldGen: 508217K->377384K(665088K)] 704521K->377384K(1760768K), [Metaspace: 2667K->2667K(1056768K)], 0.0561772 secs] [Times: user=0.75 sys=0.02, real=0.06 secs]**
2021-01-17T14:34:13.758+0800: [GC (Allocation Failure) [PSYoungGen: 820224K->198748K(1019392K)] 1197608K->576133K(1684480K), 0.0262883 secs] [Times: user=0.20 sys=0.00, real=0.03 secs]
2021-01-17T14:34:13.919+0800: [GC (Allocation Failure) [PSYoungGen: 1018972K->192476K(1086976K)] 1396357K->664306K(1752064K), 0.0336763 secs] [Times: user=0.41 sys=0.00, real=0.03 secs]
2021-01-17T14:34:14.086+0800: [GC (Allocation Failure) [PSYoungGen: 979932K->197902K(985600K)] 1451762K->764480K(1650688K), 0.0358814 secs] [Times: user=0.23 sys=0.14, real=0.04 secs]
**2021-01-17T14:34:14.122+0800: [Full GC (Ergonomics) [PSYoungGen: 197902K->0K(985600K)] [ParOldGen: 566578K->372669K(708096K)] 764480K->372669K(1693696K), [Metaspace: 2667K->2667K(1056768K)], 0.0553682 secs] [Times: user=0.61 sys=0.00, real=0.06 secs]**
2021-01-17T14:34:14.313+0800: [GC (Allocation Failure) [PSYoungGen: 787456K->192754K(1085440K)] 1160125K->565423K(1793536K), 0.0232125 secs] [Times: user=0.41 sys=0.00, real=0.02 secs]
**执行结束!共生成对象次数:30318**
Heap
 PSYoungGen      total 1085440K, used 633579K [0x000000076ab00000, 0x00000007c0000000, 0x00000007c0000000)
  eden space 775168K, 56% used [0x000000076ab00000,0x000000078597e570,0x000000079a000000)
  from space 310272K, 62% used [0x00000007ad100000,0x00000007b8d3c808,0x00000007c0000000)
  to   space 311296K, 0% used [0x000000079a000000,0x000000079a000000,0x00000007ad000000)
 ParOldGen       total 708096K, used 372669K [0x00000006c0000000, 0x00000006eb380000, 0x000000076ab00000)
  object space 708096K, 52% used [0x00000006c0000000,0x00000006d6bef4c0,0x00000006eb380000)
 Metaspace       used 2673K, capacity 4486K, committed 4864K, reserved 1056768K
  class space    used 287K, capacity 386K, committed 512K, reserved 1048576K



接着使用同样的配置和参数， 只是这次加上-Xms限定堆初始大小。

**PS C:\Users\xiaowenhou\Desktop\homework> java -Xmx4g -Xms4g -XX:+UseParallelGC -XX:+PrintGCDetails -XX:+PrintGCDateStamps GCLogAnalysis**
正在执行...
2021-01-17T14:34:32.958+0800: [GC (Allocation Failure) [PSYoungGen: 1048576K->174575K(1223168K)] 1048576K->230187K(4019712K), 0.0365854 secs] [Times: user=0.20 sys=0.39, real=0.04 secs]
2021-01-17T14:34:33.175+0800: [GC (Allocation Failure) [PSYoungGen: 1223151K->174590K(1223168K)] 1278763K->347398K(4019712K), 0.0454665 secs] [Times: user=0.05 sys=0.56, real=0.05 secs]
2021-01-17T14:34:33.392+0800: [GC (Allocation Failure) [PSYoungGen: 1223166K->174579K(1223168K)] 1395974K->471311K(4019712K), 0.0403698 secs] [Times: user=0.25 sys=0.36, real=0.04 secs]
2021-01-17T14:34:33.604+0800: [GC (Allocation Failure) [PSYoungGen: 1223155K->174583K(1223168K)] 1519887K->590973K(4019712K), 0.0402778 secs] [Times: user=0.27 sys=0.14, real=0.04 secs]
2021-01-17T14:34:33.816+0800: [GC (Allocation Failure) [PSYoungGen: 1223159K->174587K(1223168K)] 1639549K->719756K(4019712K), 0.0402738 secs] [Times: user=0.42 sys=0.19, real=0.04 secs]
2021-01-17T14:34:34.020+0800: [GC (Allocation Failure) [PSYoungGen: 1223163K->174591K(881152K)] 1768332K->857158K(3677696K), 0.0446725 secs] [Times: user=0.45 sys=0.16, real=0.05 secs]
2021-01-17T14:34:34.180+0800: [GC (Allocation Failure) [PSYoungGen: 881151K->272955K(1052160K)] 1563718K->956870K(3848704K), 0.0323933 secs] [Times: user=0.41 sys=0.00, real=0.03 secs]
2021-01-17T14:34:34.325+0800: [GC (Allocation Failure) [PSYoungGen: 979515K->318941K(1040384K)] 1663430K->1008350K(3836928K), 0.0381550 secs] [Times: user=0.41 sys=0.00, real=0.04 secs]
2021-01-17T14:34:34.477+0800: [GC (Allocation Failure) [PSYoungGen: 1018333K->320260K(1019904K)] 1707742K->1033349K(3816448K), 0.0420994 secs] [Times: user=0.34 sys=0.03, real=0.04 secs]
**执行结束!共生成对象次数:33712**
Heap
 PSYoungGen      total 1019904K, used 797464K [0x000000076ab00000, 0x00000007c0000000, 0x00000007c0000000)
  eden space 699392K, 68% used [0x000000076ab00000,0x0000000787d04d60,0x0000000795600000)
  from space 320512K, 99% used [0x0000000795600000,0x00000007a8ec12b8,0x00000007a8f00000)
  to   space 354816K, 0% used [0x00000007aa580000,0x00000007aa580000,0x00000007c0000000)
 ParOldGen       total 2796544K, used 713088K [0x00000006c0000000, 0x000000076ab00000, 0x000000076ab00000)
  object space 2796544K, 25% used [0x00000006c0000000,0x00000006eb860328,0x000000076ab00000)
 Metaspace       used 2673K, capacity 4486K, committed 4864K, reserved 1056768K
  class space    used 287K, capacity 386K, committed 512K, reserved 1048576K

观察是否限定初始堆大小的GC日志比较， 可以很清楚的看到不限定初始堆大小的情况下， 会额外因为自适应而多发生几次FULLGC，自然系统的吞吐量会比限定初始堆大小要低。