**第三课作业第二题**

题目：使用压测工具（wrk或sb），演练gateway-server-0.0.1-SNAPSHOT.jar示例。

**启动参数： java -jar -Xmx2g -Xms2g -XX:+UseParallelGC -XX:+PrintGCDetails -XX:+PrintGCDateStamps gateway-server-0.0.1-SNAPSHOT.jar**

 压测命令：sb -u http://localhost:8088/api/hello -c 10 -N 30， 10个并发， 压测30s

压测结果：

	RPS: 6305.5 (requests/second)
	Max: 44ms
	Min: 0ms
	Avg: 0.1ms
GC日志：

```

  .   ____          _            __ _ _
 /\\ / ___'_ __ _ _(_)_ __  __ _ \ \ \ \
( ( )\___ | '_ | '_| | '_ \/ _` | \ \ \ \
 \\/  ___)| |_)| | | | | || (_| |  ) ) ) )
  '  |____| .__|_| |_|_| |_\__, | / / / /
 =========|_|==============|___/=/_/_/_/
 :: Spring Boot ::        (v2.0.4.RELEASE)

2021-01-17T19:01:57.665+0800: [GC (Metadata GC Threshold) [PSYoungGen: 314884K->15452K(611840K)] 314884K->15476K(2010112K), 0.0117135 secs] [Times: user=0.00 sys=0.00, real=0.01 secs]
2021-01-17T19:01:57.677+0800: [Full GC (Metadata GC Threshold) [PSYoungGen: 15452K->0K(611840K)] [ParOldGen: 24K->14571K(1398272K)] 15476K->14571K(2010112K), [Metaspace: 20501K->20501K(1067008K)], 0.0212246 secs] [Times: user=0.47 sys=0.00, real=0.02 secs]
2021-01-17T19:01:59.289+0800: [GC (Metadata GC Threshold) [PSYoungGen: 465059K->20995K(611840K)] 479631K->35639K(2010112K), 0.0161577 secs] [Times: user=0.06 sys=0.01, real=0.02 secs]
2021-01-17T19:01:59.305+0800: [Full GC (Metadata GC Threshold) [PSYoungGen: 20995K->0K(611840K)] [ParOldGen: 14643K->25202K(1398272K)] 35639K->25202K(2010112K), [Metaspace: 33871K->33871K(1079296K)], 0.0410757 secs] [Times: user=0.09 sys=0.00, real=0.04 secs]
//以上为启动时的GC日志
//以下为压测时的GC日志
2021-01-17T19:04:20.544+0800: [GC (Allocation Failure) [PSYoungGen: 524800K->31336K(611840K)] 550002K->56547K(2010112K), 0.0102227 secs] [Times: user=0.05 sys=0.00, real=0.01 secs]
//年轻代回收了481.9M， 整个堆内存减少了481.89M， 说明回收的对象都在年轻代上，没有对象仅仅通过一次GC就升到老年代， 因此可以判断整个堆的升代年龄设置比较合理， 同时也没有分配大量的大对象
2021-01-17T19:04:24.336+0800: [GC (Allocation Failure) [PSYoungGen: 556136K->30901K(611840K)] 581347K->56120K(2010112K), 0.0074780 secs] [Times: user=0.00 sys=0.00, real=0.01 secs]
//年轻代回收512.92M， 堆回收512.92M， 老年代晋升合理
2021-01-17T19:04:27.193+0800: [GC (Allocation Failure) [PSYoungGen: 555701K->30741K(611840K)] 580920K->55960K(2010112K), 0.0074097 secs] [Times: user=0.00 sys=0.00, real=0.01 secs]
//年轻代回收512.65M， 堆回收512.65M， 老年代晋升合理， 后续以此类推， 该应用的老年代提升率合理，不存在优化的空间。
2021-01-17T19:04:30.096+0800: [GC (Allocation Failure) [PSYoungGen: 555541K->30741K(657920K)] 580760K->55968K(2056192K), 0.0088395 secs] [Times: user=0.00 sys=0.20, real=0.01 secs]
2021-01-17T19:04:33.517+0800: [GC (Allocation Failure) [PSYoungGen: 648725K->30677K(658432K)] 673952K->55912K(2056704K), 0.0077024 secs] [Times: user=0.00 sys=0.20, real=0.01 secs]
2021-01-17T19:04:36.957+0800: [GC (Allocation Failure) [PSYoungGen: 648661K->30725K(658432K)] 673896K->55968K(2056704K), 0.0070647 secs] [Times: user=0.19 sys=0.02, real=0.01 secs]
2021-01-17T19:04:40.461+0800: [GC (Allocation Failure) [PSYoungGen: 648709K->30614K(658432K)] 673952K->55856K(2056704K), 0.0071707 secs] [Times: user=0.00 sys=0.00, real=0.01 secs]
2021-01-17T19:04:43.955+0800: [GC (Allocation Failure) [PSYoungGen: 648598K->30741K(658944K)] 673840K->55984K(2057216K), 0.0069798 secs] [Times: user=0.20 sys=0.00, real=0.01 secs]
2021-01-17T19:04:47.406+0800: [GC (Allocation Failure) [PSYoungGen: 649237K->30678K(658432K)] 674480K->55928K(2056704K), 0.0067417 secs] [Times: user=0.02 sys=0.00, real=0.01 secs]

```

1. 启动时有两次FULLGC， 原因是没有指定初始元数据区大小， 在启动过程中加载较多的类导致元数据区的扩容

2. 每次YGC时的停顿时间基本为10ms以内， FULLGC的时间为50ms左右，停顿时间合理
3. 分析压测时的对象分配速率：

​					3.792s				512.5M（整个堆）

​					2.857s				512.5M   (整个堆)

​					2.903s				512.5M （整个堆）

​	综合下来， 对象分配速率为161M/s



**改进， 修改参数， 期望消除FULLGC， 并且降低GC频率**

启动参数：**java -jar -Xmx2g -Xms2g -Xmn1g -XX:MaxMetaspaceSize=256m -XX:MetaspaceSize=256m -XX:+UseParallelGC -XX:+PrintGCDetails -XX:+PrintGCDateStamps gateway-server-0.0.1-SNAPSHOT.jar**  

和上面的相比， 固定了元数据区域的最大大小和初始大小， 并且调大了年轻代的大小

压测命令：sb -u http://localhost:8088/api/hello -c 10 -N 30， 10个并发， 压测30s

压测结果：

```
RPS: 6016.7 (requests/second)
Max: 156ms
Min: 0ms
Avg: 0.1ms
```

RPS降下来是因为本机中开启了其他的应用

GC日志结果

```
PS C:\Users\xiaowenhou\Desktop\homework> 

  .   ____          _            __ _ _
 /\\ / ___'_ __ _ _(_)_ __  __ _ \ \ \ \
( ( )\___ | '_ | '_| | '_ \/ _` | \ \ \ \
 \\/  ___)| |_)| | | | | || (_| |  ) ) ) )
  '  |____| .__|_| |_|_| |_\__, | / / / /
 =========|_|==============|___/=/_/_/_/
 :: Spring Boot ::        (v2.0.4.RELEASE)

2021-01-17T19:30:01.364+0800: [GC (Allocation Failure) [PSYoungGen: 786432K->34817K(917504K)] 786432K->34921K(1966080K), 0.0265849 secs] [Times: user=0.23 sys=0.00, real=0.03 secs]
以上为启动时的日志， 发现因为元数据不足而导致的FULLGC已经没了
以下为压测时的日志
2021-01-17T19:30:37.079+0800: [GC (Allocation Failure) [PSYoungGen: 821249K->18756K(917504K)] 821353K->18892K(1966080K), 0.0153816 secs] [Times: user=0.19 sys=0.02, real=0.02 secs]
2021-01-17T19:30:41.619+0800: [GC (Allocation Failure) [PSYoungGen: 805188K->17736K(917504K)] 805324K->17880K(1966080K), 0.0119558 secs] [Times: user=0.02 sys=0.00, real=0.01 secs]
2021-01-17T19:30:46.288+0800: [GC (Allocation Failure) [PSYoungGen: 804168K->17720K(917504K)] 804312K->17872K(1966080K), 0.0114287 secs] [Times: user=0.00 sys=0.00, real=0.01 secs]
2021-01-17T19:30:50.945+0800: [GC (Allocation Failure) [PSYoungGen: 804152K->17700K(917504K)] 804304K->17860K(1966080K), 0.0103684 secs] [Times: user=0.00 sys=0.00, real=0.01 secs]
2021-01-17T19:30:55.616+0800: [GC (Allocation Failure) [PSYoungGen: 804132K->17748K(1014784K)] 804292K->17916K(2063360K), 0.0129675 secs] [Times: user=0.00 sys=0.00, real=0.01 secs]
2021-01-17T19:31:01.469+0800: [GC (Allocation Failure) [PSYoungGen: 997716K->416K(980480K)] 997884K->18283K(2029056K), 0.0161376 secs] [Times: user=0.16 sys=0.03, real=0.02 secs]
//整个GC的频率降了下来， 但同时由于新生代的堆变大了， 新生代的GC时间更长了， 但是每次GC停顿依然只有十几ms，所以整体来看，吞吐率增加了。
```

压测时的对象分配速率： 					

​						4.54s					768m（全部堆）

​						4.669s				 768m（全部堆）

​						4.657					768m（全部堆）

​		对象分配速率为：166M/s

​        **对象分配速率稍微增加了一点。由于调大了Xmn以及固定了元数据区的大小， 因此就消除了启动时的FULLGC， 并且降低了GC的频率，但是要注意， 新生代大小也不能太大， 太大会导致一次GC花费的时间过长，也会降低吞吐量， 因此在实际中也需要反复的压测调试，以达到最优。**

​	    **以上是演示了一个在本机进行简单调优以增加吞吐量的例子，因为gateway-server属于偏后台的应用， 并且停顿时间可以满足需求，我们期望吞吐量最大化， 因此采用了Parallel进行调试，实际工作中， 要根据实际的业务的需求先选择合适的GC和堆内存大小， 然后进行压测，记录GC日志，再利用日志分析工具分析GC情况， 然后再调整参数(包括新生代大小， 并行收集的线程数， 对象升代的阈值等)， 再压测， 记录， 分析，知道最终确定最优的JVM参数。**

​	接下来再看其他的GC时的GC日志分析

**使用SerialGC**

启动参数： **java -jar -Xmx2g -Xms2g -XX:MaxMetaspaceSize=256m -XX:MetaspaceSize=256m -XX:+UseSerialGC -XX:+PrintGCDetails -XX:+PrintGCDateStamps gateway-server-0.0.1-SNAPSHOT.jar**

 压测命令：sb -u http://localhost:8088/api/hello -c 10 -N 30， 10个并发， 压测30s

压测结果：

```
RPS: 5823.8 (requests/second)
Max: 168ms
Min: 0ms
Avg: 0.1ms
```

GC日志结果：

```
PS C:\Users\xiaowenhou\Desktop\homework> java -jar -Xmx2g -Xms2g -XX:MaxMetaspaceSize=256m -XX:MetaspaceSize=256m -XX:+UseSerialGC -XX:+PrintGCDetails -XX:+PrintGCDateStamps gateway-server-0.0.1-SNAPSHOT.jar

  .   ____          _            __ _ _
 /\\ / ___'_ __ _ _(_)_ __  __ _ \ \ \ \
( ( )\___ | '_ | '_| | '_ \/ _` | \ \ \ \
 \\/  ___)| |_)| | | | | || (_| |  ) ) ) )
  '  |____| .__|_| |_|_| |_\__, | / / / /
 =========|_|==============|___/=/_/_/_/
 :: Spring Boot ::        (v2.0.4.RELEASE)

2021-01-17T21:18:09.166+0800: [GC (Allocation Failure) 2021-01-17T21:18:09.167+0800: [DefNew: 559232K->27949K(629120K), 0.0772249 secs] 559232K->27949K(2027264K), 0.0776240 secs] [Times: user=0.11 sys=0.00, real=0.08 secs]
以上为启动时的GC日志
以下为压测时的GC日志
2021-01-17T21:18:25.736+0800: [GC (Allocation Failure) 2021-01-17T21:18:25.736+0800: [DefNew: 587181K->19998K(629120K), 0.0490497 secs] 587181K->19998K(2027264K), 0.0494880 secs] [Times: user=0.23 sys=0.00, real=0.05 secs]
通过GC， 新生代从573M变为19.5M， 整个堆大小也是从573M变为19.5M， 依然没有对象晋升到老年代， 对象提升正常，GC耗费49ms，相比ParallelGC， 由于是用单线程进行GC， 因此单次GC耗费时间较长
2021-01-17T21:18:29.210+0800: [GC (Allocation Failure) 2021-01-17T21:18:29.210+0800: [DefNew: 579230K->17442K(629120K), 0.0274816 secs] 579230K->17442K(2027264K), 0.0278041 secs] [Times: user=0.01 sys=0.00, real=0.03 secs]
2021-01-17T21:18:32.908+0800: [GC (Allocation Failure) 2021-01-17T21:18:32.908+0800: [DefNew: 576674K->17428K(629120K), 0.0255245 secs] 576674K->17428K(2027264K), 0.0258392 secs] [Times: user=0.03 sys=0.00, real=0.03 secs]
2021-01-17T21:18:36.262+0800: [GC (Allocation Failure) 2021-01-17T21:18:36.262+0800: [DefNew: 576660K->17405K(629120K), 0.0243210 secs] 576660K->17405K(2027264K), 0.0247519 secs] [Times: user=0.02 sys=0.00, real=0.02 secs]
2021-01-17T21:18:39.525+0800: [GC (Allocation Failure) 2021-01-17T21:18:39.525+0800: [DefNew: 576637K->17406K(629120K), 0.0241752 secs] 576637K->17406K(2027264K), 0.0247533 secs] [Times: user=0.02 sys=0.00, real=0.02 secs]
2021-01-17T21:18:42.910+0800: [GC (Allocation Failure) 2021-01-17T21:18:42.910+0800: [DefNew: 576638K->17425K(629120K), 0.0236898 secs] 576638K->17425K(2027264K), 0.0240561 secs] [Times: user=0.03 sys=0.00, real=0.02 secs]
2021-01-17T21:18:46.183+0800: [GC (Allocation Failure) 2021-01-17T21:18:46.183+0800: [DefNew: 576657K->17413K(629120K), 0.0235237 secs] 576657K->17413K(2027264K), 0.0238564 secs] [Times: user=0.02 sys=0.00, real=0.02 secs]
2021-01-17T21:18:49.522+0800: [GC (Allocation Failure) 2021-01-17T21:18:49.523+0800: [DefNew: 576645K->17402K(629120K), 0.0248347 secs] 576645K->17402K(2027264K), 0.0252333 secs] [Times: user=0.01 sys=0.00, real=0.03 secs]
2021-01-17T21:18:52.829+0800: [GC (Allocation Failure) 2021-01-17T21:18:52.829+0800: [DefNew: 576634K->17398K(629120K), 0.0238931 secs] 576634K->17398K(2027264K), 0.0242548 secs] [Times: user=0.03 sys=0.00, real=0.02 secs]
```

可以看到没有FULLGC， 只有youngGC， 整个压测过程中进行了9次GC， 每次GC都在20ms以上，显然吞吐量不如ParallelGC， 因为没有利用到电脑的多线程使用。

​	压测期间的对象分配速率：

​			3.474s					546M

​			3.698s					546M

​			3.354						546M

​		综合分配速率为    155M/s

**使用CMSGC**

启动参数： **java -jar -Xmx2g -Xms2g -XX:MaxMetaspaceSize=256m -XX:MetaspaceSize=256m -XX:+UseConcMarkSweepGC -XX:+PrintGCDetails -XX:+PrintGCDateStamps gateway-server-0.0.1-SNAPSHOT.jar**

 压测命令：sb -u http://localhost:8088/api/hello -c 10 -N 30， 10个并发， 压测30s

压测结果：

```
RPS: 6102.3 (requests/second)
Max: 167ms
Min: 0ms
Avg: 0.1ms
```

GC日志结果：

```
PS C:\Users\xiaowenhou\Desktop\homework> java -jar -Xmx2g -Xms2g -XX:MaxMetaspaceSize=256m -XX:MetaspaceSize=256m -XX:+UseConcMarkSweepGC -XX:+PrintGCDetails -XX:+PrintGCDateStamps gateway-server-0.0.1-SNAPSHOT.jar

  .   ____          _            __ _ _
 /\\ / ___'_ __ _ _(_)_ __  __ _ \ \ \ \
( ( )\___ | '_ | '_| | '_ \/ _` | \ \ \ \
 \\/  ___)| |_)| | | | | || (_| |  ) ) ) )
  '  |____| .__|_| |_|_| |_\__, | / / / /
 =========|_|==============|___/=/_/_/_/
 :: Spring Boot ::        (v2.0.4.RELEASE)

2021-01-17T21:33:16.361+0800: [GC (Allocation Failure) 2021-01-17T21:33:16.361+0800: [ParNew: 559232K->28204K(629120K), 0.0206048 secs] 559232K->28204K(2027264K), 0.0209915 secs] [Times: user=0.09 sys=0.14, real=0.02 secs]
以上为启动时的GC日志
以下为压测时的GC日志
2021-01-17T21:33:29.413+0800: [GC (Allocation Failure) 2021-01-17T21:33:29.413+0800: [ParNew: 587436K->25128K(629120K), 0.0144098 secs] 587436K->25128K(2027264K), 0.0147822 secs] [Times: user=0.05 sys=0.01, real=0.01 secs]
同样， GC回收的全是新生代的对象， 并且没有对象升级到老年代， 一次GC回收了549M的对象，GC耗时14ms
2021-01-17T21:33:32.675+0800: [GC (Allocation Failure) 2021-01-17T21:33:32.675+0800: [ParNew: 584360K->25923K(629120K), 0.0084536 secs] 584360K->25923K(2027264K), 0.0087766 secs] [Times: user=0.20 sys=0.00, real=0.01 secs]
2021-01-17T21:33:36.101+0800: [GC (Allocation Failure) 2021-01-17T21:33:36.101+0800: [ParNew: 585155K->24964K(629120K), 0.0100963 secs] 585155K->24964K(2027264K), 0.0104419 secs] [Times: user=0.00 sys=0.00, real=0.01 secs]
2021-01-17T21:33:39.274+0800: [GC (Allocation Failure) 2021-01-17T21:33:39.275+0800: [ParNew: 584196K->28037K(629120K), 0.0099084 secs] 584196K->28037K(2027264K), 0.0102140 secs] [Times: user=0.00 sys=0.00, real=0.01 secs]
2021-01-17T21:33:42.500+0800: [GC (Allocation Failure) 2021-01-17T21:33:42.500+0800: [ParNew: 587269K->25436K(629120K), 0.0094139 secs] 587269K->25436K(2027264K), 0.0097887 secs] [Times: user=0.20 sys=0.00, real=0.01 secs]
2021-01-17T21:33:45.747+0800: [GC (Allocation Failure) 2021-01-17T21:33:45.747+0800: [ParNew: 584668K->18764K(629120K), 0.0534480 secs] 584668K->32369K(2027264K), 0.0537741 secs] [Times: user=0.19 sys=0.03, real=0.05 secs]
2021-01-17T21:33:49.143+0800: [GC (Allocation Failure) 2021-01-17T21:33:49.144+0800: [ParNew: 577996K->5583K(629120K), 0.0103063 secs] 591601K->24146K(2027264K), 0.0108328 secs] [Times: user=0.09 sys=0.06, real=0.01 secs]
2021-01-17T21:33:52.397+0800: [GC (Allocation Failure) 2021-01-17T21:33:52.397+0800: [ParNew: 564815K->1400K(629120K), 0.0063337 secs] 583378K->19973K(2027264K), 0.0066656 secs] [Times: user=0.00 sys=0.00, real=0.01 secs]
2021-01-17T21:33:55.599+0800: [GC (Allocation Failure) 2021-01-17T21:33:55.599+0800: [ParNew: 560632K->354K(629120K), 0.0048573 secs] 579205K->18927K(2027264K), 0.0052369 secs] [Times: user=0.16 sys=0.00, real=0.01 secs]
```

同样没有CurrentGC， 全是YGC，一共进行了9次GC， 但是每次GC的时间都很短， 在10ms左右，吞吐量和ParallelGC类似 。

压测时的对象分配速率

​				3.262s				546.125M

​				3.426s				546.125M

​				3.173				  546.125M

​		分配速率为167M/s

使用G1GC

启动参数： **java -jar -Xmx2g -Xms2g -XX:MaxMetaspaceSize=256m -XX:MetaspaceSize=256m -XX:+UseG1GC -XX:+PrintGCDetails -XX:+PrintGCDateStamps gateway-server-0.0.1-SNAPSHOT.jar**

 压测命令：sb -u http://localhost:8088/api/hello -c 10 -N 30， 10个并发， 压测30s

压测结果：

```
RPS: 5956.8 (requests/second)
Max: 165ms
Min: 0ms
Avg: 0.1ms
```

GC日志结果：

```
PS C:\Users\xiaowenhou\Desktop\homework> java -jar -Xmx2g -Xms2g -XX:MaxMetaspaceSize=256m -XX:MetaspaceSize=256m -XX:+UseG1GC -XX:+PrintGCDetails -XX:+PrintGCDateStamps gateway-server-0.0.1-SNAPSHOT.jar

  .   ____          _            __ _ _
 /\\ / ___'_ __ _ _(_)_ __  __ _ \ \ \ \
( ( )\___ | '_ | '_| | '_ \/ _` | \ \ \ \
 \\/  ___)| |_)| | | | | || (_| |  ) ) ) )
  '  |____| .__|_| |_|_| |_\__, | / / / /
 =========|_|==============|___/=/_/_/_/
 :: Spring Boot ::        (v2.0.4.RELEASE)
2021-01-17T21:43:07.374+0800: [GC pause (G1 Evacuation Pause) (young), 0.0075703 secs]
   [Parallel Time: 3.7 ms, GC Workers: 13]
      [GC Worker Start (ms): Min: 632.1, Avg: 632.1, Max: 632.2, Diff: 0.1]
      [Ext Root Scanning (ms): Min: 0.2, Avg: 0.4, Max: 2.3, Diff: 2.1, Sum: 5.6]
      [Update RS (ms): Min: 0.0, Avg: 0.0, Max: 0.0, Diff: 0.0, Sum: 0.0]
         [Processed Buffers: Min: 0, Avg: 0.0, Max: 0, Diff: 0, Sum: 0]
      [Scan RS (ms): Min: 0.0, Avg: 0.0, Max: 0.0, Diff: 0.0, Sum: 0.2]
      [Code Root Scanning (ms): Min: 0.0, Avg: 0.4, Max: 1.2, Diff: 1.2, Sum: 4.6]
      [Object Copy (ms): Min: 1.1, Avg: 2.6, Max: 3.0, Diff: 1.9, Sum: 33.3]
      [Termination (ms): Min: 0.0, Avg: 0.0, Max: 0.0, Diff: 0.0, Sum: 0.1]
         [Termination Attempts: Min: 1, Avg: 34.5, Max: 52, Diff: 51, Sum: 448]
      [GC Worker Other (ms): Min: 0.0, Avg: 0.1, Max: 0.1, Diff: 0.1, Sum: 1.1]
      [GC Worker Total (ms): Min: 3.3, Avg: 3.5, Max: 3.5, Diff: 0.2, Sum: 44.9]
      [GC Worker End (ms): Min: 635.5, Avg: 635.6, Max: 635.6, Diff: 0.1]
   [Code Root Fixup: 0.1 ms]
   [Code Root Purge: 0.1 ms]
   [Clear CT: 0.3 ms]
   [Other: 3.5 ms]
      [Choose CSet: 0.0 ms]
      [Ref Proc: 2.1 ms]
      [Ref Enq: 0.0 ms]
      [Redirty Cards: 0.2 ms]
      [Humongous Register: 0.1 ms]
      [Humongous Reclaim: 0.0 ms]
      [Free CSet: 0.2 ms]
   [Eden: 102.0M(102.0M)->0.0B(104.0M) Survivors: 0.0B->7168.0K Heap: 102.0M(2048.0M)->7152.7K(2048.0M)]
 [Times: user=0.03 sys=0.00, real=0.01 secs]
以上为启动GC日志
以下为压测GC日志
2021-01-17T21:43:07.629+0800: [GC pause (G1 Evacuation Pause) (young), 0.0095575 secs]
   [Parallel Time: 4.8 ms, GC Workers: 13]
      [GC Worker Start (ms): Min: 886.3, Avg: 886.4, Max: 886.5, Diff: 0.2]
      [Ext Root Scanning (ms): Min: 0.2, Avg: 0.5, Max: 2.8, Diff: 2.6, Sum: 6.2]
      [Update RS (ms): Min: 0.0, Avg: 0.0, Max: 0.0, Diff: 0.0, Sum: 0.0]
         [Processed Buffers: Min: 0, Avg: 0.0, Max: 0, Diff: 0, Sum: 0]
      [Scan RS (ms): Min: 0.0, Avg: 0.0, Max: 0.1, Diff: 0.1, Sum: 0.2]
      [Code Root Scanning (ms): Min: 0.0, Avg: 0.2, Max: 2.0, Diff: 2.0, Sum: 2.7]
      [Object Copy (ms): Min: 1.8, Avg: 3.8, Max: 4.3, Diff: 2.5, Sum: 49.4]
      [Termination (ms): Min: 0.0, Avg: 0.0, Max: 0.0, Diff: 0.0, Sum: 0.2]
         [Termination Attempts: Min: 1, Avg: 53.4, Max: 72, Diff: 71, Sum: 694]
      [GC Worker Other (ms): Min: 0.0, Avg: 0.1, Max: 0.1, Diff: 0.1, Sum: 0.9]
      [GC Worker Total (ms): Min: 4.5, Avg: 4.6, Max: 4.7, Diff: 0.2, Sum: 59.5]
      [GC Worker End (ms): Min: 891.0, Avg: 891.0, Max: 891.0, Diff: 0.1]
   [Code Root Fixup: 0.1 ms]
   [Code Root Purge: 0.0 ms]
   [Clear CT: 0.2 ms]
   [Other: 4.4 ms]
      [Choose CSet: 0.0 ms]
      [Ref Proc: 3.4 ms]
      [Ref Enq: 0.1 ms]
      [Redirty Cards: 0.1 ms]
      [Humongous Register: 0.1 ms]
      [Humongous Reclaim: 0.0 ms]
      [Free CSet: 0.2 ms]
   [Eden: 104.0M(104.0M)->0.0B(792.0M) Survivors: 7168.0K->14.0M Heap: 111.0M(2048.0M)->13.4M(2048.0M)]
 [Times: user=0.20 sys=0.01, real=0.01 secs]
 //全部回收的都是新生代的对象
2021-01-17T21:43:21.581+0800: [GC pause (G1 Evacuation Pause) (young), 0.0239920 secs]
   [Parallel Time: 14.6 ms, GC Workers: 13]
      [GC Worker Start (ms): Min: 14840.1, Avg: 14840.2, Max: 14840.3, Diff: 0.2]
      [Ext Root Scanning (ms): Min: 0.2, Avg: 0.9, Max: 6.7, Diff: 6.5, Sum: 12.2]
      [Update RS (ms): Min: 0.0, Avg: 0.0, Max: 0.0, Diff: 0.0, Sum: 0.0]
         [Processed Buffers: Min: 0, Avg: 0.0, Max: 0, Diff: 0, Sum: 0]
      [Scan RS (ms): Min: 0.0, Avg: 0.1, Max: 0.3, Diff: 0.2, Sum: 1.5]
      [Code Root Scanning (ms): Min: 0.0, Avg: 1.6, Max: 4.3, Diff: 4.3, Sum: 20.7]
      [Object Copy (ms): Min: 7.4, Avg: 11.3, Max: 12.5, Diff: 5.1, Sum: 146.5]
      [Termination (ms): Min: 0.0, Avg: 0.1, Max: 0.1, Diff: 0.1, Sum: 1.0]
         [Termination Attempts: Min: 2, Avg: 281.0, Max: 361, Diff: 359, Sum: 3653]
      [GC Worker Other (ms): Min: 0.0, Avg: 0.3, Max: 0.7, Diff: 0.7, Sum: 3.7]
      [GC Worker Total (ms): Min: 14.1, Avg: 14.3, Max: 14.4, Diff: 0.4, Sum: 185.6]
      [GC Worker End (ms): Min: 14854.3, Avg: 14854.4, Max: 14854.6, Diff: 0.3]
   [Code Root Fixup: 0.5 ms]
   [Code Root Purge: 0.1 ms]
   [Clear CT: 0.5 ms]
   [Other: 8.3 ms]
      [Choose CSet: 0.0 ms]
      [Ref Proc: 5.9 ms]
      [Ref Enq: 0.0 ms]
      [Redirty Cards: 0.2 ms]
      [Humongous Register: 0.2 ms]
      [Humongous Reclaim: 0.0 ms]
      [Free CSet: 0.7 ms]
   [Eden: 792.0M(792.0M)->0.0B(712.0M) Survivors: 14.0M->33.0M Heap: 805.4M(2048.0M)->33.0M(2048.0M)]
 [Times: user=0.08 sys=0.03, real=0.03 secs]
2021-01-17T21:43:26.220+0800: [GC pause (G1 Evacuation Pause) (young), 0.0152692 secs]
   [Parallel Time: 10.8 ms, GC Workers: 13]
      [GC Worker Start (ms): Min: 19477.5, Avg: 19477.5, Max: 19477.6, Diff: 0.2]
      [Ext Root Scanning (ms): Min: 0.2, Avg: 0.6, Max: 4.8, Diff: 4.6, Sum: 8.3]
      [Update RS (ms): Min: 0.0, Avg: 0.0, Max: 0.0, Diff: 0.0, Sum: 0.0]
         [Processed Buffers: Min: 0, Avg: 0.0, Max: 0, Diff: 0, Sum: 0]
      [Scan RS (ms): Min: 0.1, Avg: 0.2, Max: 0.3, Diff: 0.2, Sum: 2.2]
      [Code Root Scanning (ms): Min: 0.0, Avg: 1.3, Max: 4.1, Diff: 4.1, Sum: 17.0]
      [Object Copy (ms): Min: 5.7, Avg: 8.3, Max: 10.0, Diff: 4.2, Sum: 108.0]
      [Termination (ms): Min: 0.0, Avg: 0.1, Max: 0.1, Diff: 0.1, Sum: 1.0]
         [Termination Attempts: Min: 1, Avg: 238.5, Max: 356, Diff: 355, Sum: 3101]
      [GC Worker Other (ms): Min: 0.0, Avg: 0.1, Max: 0.2, Diff: 0.1, Sum: 1.5]
      [GC Worker Total (ms): Min: 10.5, Avg: 10.6, Max: 10.7, Diff: 0.2, Sum: 138.0]
      [GC Worker End (ms): Min: 19488.1, Avg: 19488.2, Max: 19488.2, Diff: 0.1]
   [Code Root Fixup: 0.7 ms]
   [Code Root Purge: 0.1 ms]
   [Clear CT: 0.4 ms]
   [Other: 3.3 ms]
      [Choose CSet: 0.0 ms]
      [Ref Proc: 0.8 ms]
      [Ref Enq: 0.0 ms]
      [Redirty Cards: 0.2 ms]
      [Humongous Register: 0.1 ms]
      [Humongous Reclaim: 0.0 ms]
      [Free CSet: 1.6 ms]
   [Eden: 712.0M(712.0M)->0.0B(952.0M) Survivors: 33.0M->21.0M Heap: 745.0M(2048.0M)->21.0M(2048.0M)]
 [Times: user=0.20 sys=0.00, real=0.02 secs]
2021-01-17T21:43:32.148+0800: [GC pause (G1 Evacuation Pause) (young), 0.0147656 secs]
   [Parallel Time: 11.9 ms, GC Workers: 13]
      [GC Worker Start (ms): Min: 25406.7, Avg: 25406.8, Max: 25406.9, Diff: 0.1]
      [Ext Root Scanning (ms): Min: 0.1, Avg: 0.7, Max: 5.1, Diff: 5.0, Sum: 9.3]
      [Update RS (ms): Min: 0.0, Avg: 0.0, Max: 0.0, Diff: 0.0, Sum: 0.0]
         [Processed Buffers: Min: 0, Avg: 0.0, Max: 0, Diff: 0, Sum: 0]
      [Scan RS (ms): Min: 0.0, Avg: 0.2, Max: 0.3, Diff: 0.3, Sum: 2.5]
      [Code Root Scanning (ms): Min: 0.0, Avg: 1.2, Max: 3.7, Diff: 3.7, Sum: 15.0]
      [Object Copy (ms): Min: 6.5, Avg: 9.4, Max: 11.0, Diff: 4.5, Sum: 122.4]
      [Termination (ms): Min: 0.0, Avg: 0.1, Max: 0.1, Diff: 0.1, Sum: 1.0]
         [Termination Attempts: Min: 1, Avg: 244.1, Max: 328, Diff: 327, Sum: 3173]
      [GC Worker Other (ms): Min: 0.0, Avg: 0.2, Max: 0.4, Diff: 0.4, Sum: 2.0]
      [GC Worker Total (ms): Min: 11.6, Avg: 11.7, Max: 11.9, Diff: 0.3, Sum: 152.3]
      [GC Worker End (ms): Min: 25418.4, Avg: 25418.5, Max: 25418.6, Diff: 0.2]
   [Code Root Fixup: 0.4 ms]
   [Code Root Purge: 0.0 ms]
   [Clear CT: 0.4 ms]
   [Other: 2.1 ms]
      [Choose CSet: 0.0 ms]
      [Ref Proc: 0.4 ms]
      [Ref Enq: 0.0 ms]
      [Redirty Cards: 0.1 ms]
      [Humongous Register: 0.1 ms]
      [Humongous Reclaim: 0.0 ms]
      [Free CSet: 0.8 ms]
   [Eden: 952.0M(952.0M)->0.0B(1208.0M) Survivors: 21.0M->20.0M Heap: 973.0M(2048.0M)->20.0M(2048.0M)]
 [Times: user=0.02 sys=0.00, real=0.02 secs]
2021-01-17T21:43:39.376+0800: [GC pause (G1 Evacuation Pause) (young), 0.0169995 secs]
   [Parallel Time: 13.7 ms, GC Workers: 13]
      [GC Worker Start (ms): Min: 32634.3, Avg: 32634.3, Max: 32634.4, Diff: 0.1]
      [Ext Root Scanning (ms): Min: 0.2, Avg: 0.8, Max: 6.2, Diff: 6.0, Sum: 10.2]
      [Update RS (ms): Min: 0.0, Avg: 0.0, Max: 0.0, Diff: 0.0, Sum: 0.0]
         [Processed Buffers: Min: 0, Avg: 0.0, Max: 0, Diff: 0, Sum: 0]
      [Scan RS (ms): Min: 0.1, Avg: 0.3, Max: 0.6, Diff: 0.4, Sum: 4.4]
      [Code Root Scanning (ms): Min: 0.0, Avg: 1.4, Max: 4.6, Diff: 4.6, Sum: 17.7]
      [Object Copy (ms): Min: 7.1, Avg: 10.9, Max: 12.9, Diff: 5.9, Sum: 141.7]
      [Termination (ms): Min: 0.0, Avg: 0.1, Max: 0.2, Diff: 0.1, Sum: 1.6]
         [Termination Attempts: Min: 1, Avg: 242.8, Max: 314, Diff: 313, Sum: 3157]
      [GC Worker Other (ms): Min: 0.0, Avg: 0.1, Max: 0.1, Diff: 0.1, Sum: 0.7]
      [GC Worker Total (ms): Min: 13.5, Avg: 13.6, Max: 13.7, Diff: 0.2, Sum: 176.3]
      [GC Worker End (ms): Min: 32647.9, Avg: 32647.9, Max: 32648.0, Diff: 0.1]
   [Code Root Fixup: 0.5 ms]
   [Code Root Purge: 0.0 ms]
   [Clear CT: 0.5 ms]
   [Other: 2.2 ms]
      [Choose CSet: 0.0 ms]
      [Ref Proc: 0.4 ms]
      [Ref Enq: 0.0 ms]
      [Redirty Cards: 0.1 ms]
      [Humongous Register: 0.1 ms]
      [Humongous Reclaim: 0.0 ms]
      [Free CSet: 1.1 ms]
   [Eden: 1208.0M(1208.0M)->0.0B(1206.0M) Survivors: 20.0M->22.0M Heap: 1228.0M(2048.0M)->21.6M(2048.0M)]
 [Times: user=0.19 sys=0.02, real=0.02 secs]
2021-01-17T21:43:46.791+0800: [GC pause (G1 Evacuation Pause) (young), 0.0148553 secs]
   [Parallel Time: 12.0 ms, GC Workers: 13]
      [GC Worker Start (ms): Min: 40048.4, Avg: 40048.5, Max: 40049.2, Diff: 0.8]
      [Ext Root Scanning (ms): Min: 0.0, Avg: 0.7, Max: 5.1, Diff: 5.1, Sum: 9.1]
      [Update RS (ms): Min: 0.0, Avg: 0.0, Max: 0.0, Diff: 0.0, Sum: 0.0]
         [Processed Buffers: Min: 0, Avg: 0.0, Max: 0, Diff: 0, Sum: 0]
      [Scan RS (ms): Min: 0.0, Avg: 0.2, Max: 0.4, Diff: 0.4, Sum: 2.7]
      [Code Root Scanning (ms): Min: 0.0, Avg: 1.2, Max: 3.8, Diff: 3.8, Sum: 15.5]
      [Object Copy (ms): Min: 6.7, Avg: 9.5, Max: 11.4, Diff: 4.6, Sum: 123.7]
      [Termination (ms): Min: 0.0, Avg: 0.1, Max: 0.1, Diff: 0.1, Sum: 1.0]
         [Termination Attempts: Min: 1, Avg: 241.2, Max: 310, Diff: 309, Sum: 3136]
      [GC Worker Other (ms): Min: 0.0, Avg: 0.1, Max: 0.1, Diff: 0.1, Sum: 1.2]
      [GC Worker Total (ms): Min: 11.1, Avg: 11.8, Max: 11.9, Diff: 0.8, Sum: 153.2]
      [GC Worker End (ms): Min: 40060.3, Avg: 40060.3, Max: 40060.4, Diff: 0.1]
   [Code Root Fixup: 0.4 ms]
   [Code Root Purge: 0.0 ms]
   [Clear CT: 0.6 ms]
   [Other: 1.9 ms]
      [Choose CSet: 0.0 ms]
      [Ref Proc: 0.3 ms]
      [Ref Enq: 0.0 ms]
      [Redirty Cards: 0.2 ms]
      [Humongous Register: 0.1 ms]
      [Humongous Reclaim: 0.0 ms]
      [Free CSet: 1.0 ms]
   [Eden: 1206.0M(1206.0M)->0.0B(1207.0M) Survivors: 22.0M->21.0M Heap: 1227.6M(2048.0M)->21.0M(2048.0M)]
 [Times: user=0.20 sys=0.00, real=0.02 secs]
```

G1GC共进行了6次GC， 每一次都在十几ms，停顿时间很短， 但是整体的吞吐量不如Parallel和CMS，因为堆内存比较小， G1没有太大的优势

**结论： 一般正常的web应用， 如果堆内存分配的比较合适， FULLGC或者MajorGC其实出现的很少，并且并不会在项目启动的初期就产生很多对象晋升到老年代的情况， 如果频繁出现一次垃圾回收就有很多的对象晋升到老年代， 说明在代码中创建了太多的大对象， 需要从代码层面进行解决。**

​		**在相同的配置和压测条件下， 不同GC收集器的对象分配速率也有区别，而且在一定范围内，对象的分配速率越高，系统的吞吐量也越高，但是如果新生代分配的太小， 导致系统频繁的进行YGC， 也会降低系统的吞吐量，因此对于新生代的大小， 也要设置合理的值， 设置太大， 一次GC停顿时间太长，业务可能无法接受； 设置太小，频繁进行YGC， 会降低系统吞吐量**

